[www.amazonebookpublishers.co/index.html]
[backblue.gif]
[fade.gif]
[index.html]
[www.amazonebookpublishers.co/images/favicon.png]
[static.zdassets.com/ekr/snippet8e94.js]
[www.amazonebookpublishers.co/images/head-logo.png]
[www.amazonebookpublishers.co/about-us.html]
[www.amazonebookpublishers.co/services.html]
[www.amazonebookpublishers.co/professional-ghostwriting-services.html]
[www.amazonebookpublishers.co/ebook-writing-services.html]
[www.amazonebookpublishers.co/book-editing-services.html]
[www.amazonebookpublishers.co/book-cover-design-services.html]
[www.amazonebookpublishers.co/ebook-cover-design-services.html]
[www.amazonebookpublishers.co/book-writing-services.html]
[www.amazonebookpublishers.co/book-marketing-services.html]
[www.amazonebookpublishers.co/biography-writing-services.html]
[www.amazonebookpublishers.co/memoir-writing-services.html]
[www.amazonebookpublishers.co/book-printing-services.html]
[www.amazonebookpublishers.co/book-trailer-services.html]
[www.amazonebookpublishers.co/audiobook-publishing-services.html]
[www.amazonebookpublishers.co/author-website-design-services.html]
[www.amazonebookpublishers.co/book-illustration-services.html]
[www.amazonebookpublishers.co/contact-us.html]
[www.amazonebookpublishers.co/images/pen.png]
[www.amazonebookpublishers.co/images/book-qoute-img.webp]
[www.amazonebookpublishers.co/loader.gif]
[www.amazonebookpublishers.co/images/banner-inner-img.webp]
[www.amazonebookpublishers.co/images/good-firms-logo.png]
[www.amazonebookpublishers.co/images/clutch-logo.png]
[www.amazonebookpublishers.co/images/Amazon-Kindle-logo.png]
[www.amazonebookpublishers.co/images/Trustpilot-logo.png]
[www.amazonebookpublishers.co/images/good-reads.png]
[www.amazonebookpublishers.co/images/banner-brands-logo-5.png]
[www.amazonebookpublishers.co/images/pen-about.png]
[www.amazonebookpublishers.co/transparent.html]
[www.amazonebookpublishers.co/images/about-book-bg.png]
[www.amazonebookpublishers.co/images/about-book.webp]
[www.amazonebookpublishers.co/images/icons/home-ico-01-min.png]
[www.amazonebookpublishers.co/images/icons/home-ico-02-min.png]
[www.amazonebookpublishers.co/images/icons/home-ico-03-min.png]
[www.amazonebookpublishers.co/images/icons/home-ico-04-min.png]
[www.amazonebookpublishers.co/images/icons/home-ico-05-min.png]
[www.amazonebookpublishers.co/images/icons/home-ico-06-min.png]
[www.amazonebookpublishers.co/images/icons/home-ico-07-min.png]
[www.amazonebookpublishers.co/images/icons/home-ico-08-min.png]
[www.amazonebookpublishers.co/images/icons/home-ico-09-min.png]
[www.amazonebookpublishers.co/images/client-placeholder.png]
[www.amazonebookpublishers.co/images/author-book-01.webp]
[www.amazonebookpublishers.co/images/Amazon-logo.png]
[www.amazonebookpublishers.co/images/author-book-02.png]
[www.amazonebookpublishers.co/images/author-book-03.png]
[www.amazonebookpublishers.co/images/author-book-04.png]
[www.amazonebookpublishers.co/images/author-book-05.png]
[www.amazonebookpublishers.co/images/author-book-06.png]
[www.amazonebookpublishers.co/images/author-book-07.png]
[www.amazonebookpublishers.co/images/author-book-08.png]
[www.amazonebookpublishers.co/images/author-book-09.png]
[www.amazonebookpublishers.co/images/author-book-10.png]
[www.amazonebookpublishers.co/images/doing-icon.png]
[www.amazonebookpublishers.co/images/doing-icon-hover.png]
[www.amazonebookpublishers.co/images/icons/home-ico-010-min.png]
[www.amazonebookpublishers.co/images/tab-arrow.png]
[www.amazonebookpublishers.co/images/icons/home-ico-011-min.png]
[www.amazonebookpublishers.co/images/icons/home-ico-012-min.png]
[www.amazonebookpublishers.co/images/icons/home-ico-013-min.png]
[www.amazonebookpublishers.co/images/icons/home-ico-014-min.png]
[www.amazonebookpublishers.co/images/icons/home-ico-015-min.png]
[www.amazonebookpublishers.co/images/tab-sec-book.webp]
[www.amazonebookpublishers.co/images/inner-arrow.png]
[www.amazonebookpublishers.co/images/line.png]
[www.amazonebookpublishers.co/images/client-03.png]
[www.amazonebookpublishers.co/images/client-01.png]
[www.amazonebookpublishers.co/images/client-07.png]
[www.amazonebookpublishers.co/images/client-04.png]
[www.amazonebookpublishers.co/images/client-05.png]
[www.amazonebookpublishers.co/images/client-09.png]
[www.amazonebookpublishers.co/images/client-08.png]
[www.amazonebookpublishers.co/images/client-10.png]
[www.amazonebookpublishers.co/images/client-02.png]
[www.amazonebookpublishers.co/images/client-06.png]
[www.amazonebookpublishers.co/images/footer-form-book.webp]
[www.amazonebookpublishers.co/terms-conditions.html]
[www.amazonebookpublishers.co/images/footer-logo.png]
[www.amazonebookpublishers.co/faqs.html]
[www.amazonebookpublishers.co/privacy-policy.html]
[www.amazonebookpublishers.co/images/phone-icon-f.png]
[www.amazonebookpublishers.co/images/email-icon-f.png]
[www.amazonebookpublishers.co/images/address-icon-f.png]
[www.amazonebookpublishers.co/images/customer-review.png]
[www.amazonebookpublishers.co/images/visa-card.png]
[www.amazonebookpublishers.co/js/jquery.min.js]
[www.amazonebookpublishers.co/js/bootstrap.bundle.min.js]
[www.amazonebookpublishers.co/js/owl.carousel.min.js]
[www.amazonebookpublishers.co/js/swiper.js]
[www.amazonebookpublishers.co/js/about-page.js]
[www.amazonebookpublishers.co/slick/slick.js]
[www.amazonebookpublishers.co/js/jquery-ui.min.js]
[www.amazonebookpublishers.co/js/fontawesome.js]
[www.amazonebookpublishers.co/js/TweenMax.min.js]
[www.amazonebookpublishers.co/js/custom.js]
[www.amazonebookpublishers.co/js/jquery.validate.min.js]
[www.amazonebookpublishers.co/js/form-submitc89e.js]
[www.amazonebookpublishers.co/index.html]
[www.amazonebookpublishers.co/index-2.html]
[www.amazonebookpublishers.co/css/bootstrap.min.css]
[www.amazonebookpublishers.co/css/animate.css]
[www.amazonebookpublishers.co/css/owl.video.play.html]
[www.amazonebookpublishers.co/css/owl.carousel.min.css]
[www.amazonebookpublishers.co/css/owl.theme.default.min.css]
[www.amazonebookpublishers.co/images/book-qoute.webp]
[www.amazonebookpublishers.co/css/style.css]
[www.amazonebookpublishers.co/slick/slick.css]
[www.amazonebookpublishers.co/css/ajax-loader.html]
[www.amazonebookpublishers.co/css/fonts/slick.html]
[www.amazonebookpublishers.co/css/fonts/slickd41dd41dd41dd41d.html]
[www.amazonebookpublishers.co/css/fonts/slick-2.html]
[www.amazonebookpublishers.co/css/fonts/slick-3.html]
[www.amazonebookpublishers.co/css/fonts/slick-4.html]
[www.amazonebookpublishers.co/css/slick-theme.css]
[www.amazonebookpublishers.co/css/swiper.css]
[www.amazonebookpublishers.co/css/jquery-ui.css]
[www.amazonebookpublishers.co/css/hover.css]
[www.amazonebookpublishers.co/images/about-banner-img.png]
[www.amazonebookpublishers.co/images/brands-with-us-bg-img.png]
[www.amazonebookpublishers.co/images/wwr-bg-img.png]
[www.amazonebookpublishers.co/images/what-kinds-of-book-bg-img.html]
[www.amazonebookpublishers.co/images/our-process-bg-img.png]
[www.amazonebookpublishers.co/css/images/service-icon-bg-one.html]
[www.amazonebookpublishers.co/css/images/yellow-ring.html]
[www.amazonebookpublishers.co/images/counter-bg.png]
[www.amazonebookpublishers.co/images/slider-img-bg.html]
[www.amazonebookpublishers.co/images/tick.png]
[www.amazonebookpublishers.co/images/banner-bg-img1.html]
[www.amazonebookpublishers.co/images/top-5-features11.png]
[www.amazonebookpublishers.co/images/our-satisfied-cutomer-stats.png]
[www.amazonebookpublishers.co/images/prvcy.png]
[www.amazonebookpublishers.co/images/service-icon-bg-one.png]
[www.amazonebookpublishers.co/images/banner-img.png]
[www.amazonebookpublishers.co/images/google-testi.png]
[www.amazonebookpublishers.co/images/trust-pilot.jpg]
[www.amazonebookpublishers.co/images/g2.png]
[www.amazonebookpublishers.co/images/cr-grass2cfd2cfd2cfd.html]
[www.amazonebookpublishers.co/images/5883.jpg]
[www.amazonebookpublishers.co/images/doing-things-bg.png]
[www.amazonebookpublishers.co/images/tab-sec-bg.png]
[www.amazonebookpublishers.co/images/newsletter-bg.png]
[www.amazonebookpublishers.co/images/process-num-bg.png]
[www.amazonebookpublishers.co/images/process-bg.png]
[www.amazonebookpublishers.co/images/menu-bg.jpg]
[www.amazonebookpublishers.co/images/service-bg-img.png]
[www.amazonebookpublishers.co/images/footer-form-bg.webp]
[www.amazonebookpublishers.co/images/service-hover-bg.png]
[www.amazonebookpublishers.co/images/books/book-covers-01.webp]
[www.amazonebookpublishers.co/images/books/book-covers-02.webp]
[www.amazonebookpublishers.co/images/books/book-covers-03.webp]
[www.amazonebookpublishers.co/images/books/book-covers-04.webp]
[www.amazonebookpublishers.co/images/books/book-covers-05.webp]
[www.amazonebookpublishers.co/images/books/book-covers-06.webp]
[www.amazonebookpublishers.co/images/books/book-covers-07.webp]
[www.amazonebookpublishers.co/images/books/book-covers-08.webp]
[www.amazonebookpublishers.co/images/books/book-covers-09.webp]
[www.amazonebookpublishers.co/images/books/book-covers-10.webp]
[www.amazonebookpublishers.co/images/books/book-covers-11.webp]
[www.amazonebookpublishers.co/images/books/book-covers-12.webp]
[www.amazonebookpublishers.co/images/books/book-covers-13.webp]
[www.amazonebookpublishers.co/images/books/book-covers-14.webp]
[www.amazonebookpublishers.co/images/books/book-covers-15.webp]
[www.amazonebookpublishers.co/images/books/book-covers-16.webp]
[www.amazonebookpublishers.co/images/books/book-covers-17.webp]
[www.amazonebookpublishers.co/images/books/book-covers-18.webp]
[www.amazonebookpublishers.co/images/books/book-covers-19.webp]
[www.amazonebookpublishers.co/images/books/book-covers-20.webp]
[www.amazonebookpublishers.co/images/books/book-covers-21.webp]
[www.amazonebookpublishers.co/images/books/book-covers-22.webp]
[www.amazonebookpublishers.co/images/books/book-covers-23.webp]
[www.amazonebookpublishers.co/images/books/book-covers-24.webp]
[www.amazonebookpublishers.co/images/books/book-covers-25.webp]
[www.amazonebookpublishers.co/images/books/book-covers-26.webp]
[www.amazonebookpublishers.co/images/books/book-covers-27.webp]
[www.amazonebookpublishers.co/images/books/book-covers-28.webp]
[www.amazonebookpublishers.co/images/books/book-covers-29.webp]
[www.amazonebookpublishers.co/images/books/book-covers-30.webp]
[www.amazonebookpublishers.co/images/books/book-covers-31.webp]
[www.amazonebookpublishers.co/images/books/book-covers-32.webp]
[www.amazonebookpublishers.co/images/books/book-covers-33.webp]
[www.amazonebookpublishers.co/images/amazon-sec-bg.png]
[www.amazonebookpublishers.co/images/process-num-bg-hover.png]
[www.amazonebookpublishers.co/images/footer-bg.png]
[www.amazonebookpublishers.co/images/av-bg-img.png]
[www.amazonebookpublishers.co/images/av-bg-hover-img.png]
[www.amazonebookpublishers.co/images/book-qoute-at.png]
[www.amazonebookpublishers.co/images/services-banner-img.png]
[www.amazonebookpublishers.co/images/service-inner-banner/Ghostwriting-min.png]
[www.amazonebookpublishers.co/images/service-inner-banner/E-book-Writing-min.png]
[www.amazonebookpublishers.co/images/service-inner-banner/book-editing-min.png]
[www.amazonebookpublishers.co/images/service-inner-banner/Book-Cover-Design-min.png]
[www.amazonebookpublishers.co/images/service-inner-banner/E-book-cover-design-min.png]
[www.amazonebookpublishers.co/images/service-inner-banner/Book-Publishing-min.png]
[www.amazonebookpublishers.co/images/service-inner-banner/Book-marketing-min.png]
[www.amazonebookpublishers.co/images/service-inner-banner/Biography-min.png]
[www.amazonebookpublishers.co/images/service-inner-banner/Memoir-writing-min.png]
[www.amazonebookpublishers.co/images/service-inner-banner/Book-Printing-min.png]
[www.amazonebookpublishers.co/images/service-inner-banner/Book-trailer-min.png]
[www.amazonebookpublishers.co/images/service-inner-banner/audiobook-min.png]
[www.amazonebookpublishers.co/images/service-inner-banner/Author-Website-min.png]
[www.amazonebookpublishers.co/images/service-inner-banner/Book-Illustration-min.png]
[www.amazonebookpublishers.co/images/main-service-bg.png]
[www.amazonebookpublishers.co/images/all-services-bg.png]
[www.amazonebookpublishers.co/images/blog-bg-img.png]
[www.amazonebookpublishers.co/images/contact-bg-img.png]
[www.amazonebookpublishers.co/images/phone-bg-img.png]
[www.amazonebookpublishers.co/images/email-bg-img.png]
[www.amazonebookpublishers.co/images/map-bg-img.png]
[www.amazonebookpublishers.co/images/form-bg-img-contact.png]
[www.amazonebookpublishers.co/css/custom.css]
[www.amazonebookpublishers.co/css/popup.css]
[www.amazonebookpublishers.co/css/fontawesome-6.5.0.css]
[www.amazonebookpublishers.co/images/aboutus/1-min.png]
[www.amazonebookpublishers.co/images/aboutus/2-min.png]
[www.amazonebookpublishers.co/images/abt.png]
[www.amazonebookpublishers.co/images/av-01.png]
[www.amazonebookpublishers.co/images/av-02.png]
[www.amazonebookpublishers.co/images/av-03.png]
[www.amazonebookpublishers.co/images/av-04.png]
[www.amazonebookpublishers.co/images/av-05.png]
[www.amazonebookpublishers.co/js/form-submit003a.js]
[www.amazonebookpublishers.co/about-us.html]
[www.amazonebookpublishers.co/images/service-icon.png]
[www.amazonebookpublishers.co/images/mainservices/1-min.png]
[www.amazonebookpublishers.co/images/mainservices/2-min.png]
[www.amazonebookpublishers.co/images/service-qoute-img.png]
[www.amazonebookpublishers.co/images/mainservices/3-min.png]
[www.amazonebookpublishers.co/images/mainservices/4-min.png]
[www.amazonebookpublishers.co/images/mainservices/5-min.png]
[www.amazonebookpublishers.co/images/mainservices/6-min.png]
[www.amazonebookpublishers.co/images/mainservices/7-min.png]
[www.amazonebookpublishers.co/images/mainservices/8-min.png]
[www.amazonebookpublishers.co/images/mainservices/9-min.png]
[www.amazonebookpublishers.co/js/form-submitd83e.js]
[www.amazonebookpublishers.co/services.html]
[www.amazonebookpublishers.co/images/ghostwriting/1-min.png]
[www.amazonebookpublishers.co/images/ghostwriting/ghostwriting-01.png]
[www.amazonebookpublishers.co/images/ghostwriting/ghostwriting-02.png]
[www.amazonebookpublishers.co/images/ghostwriting/ghostwriting-03.png]
[www.amazonebookpublishers.co/images/ghostwriting/ghostwriting-04.png]
[www.amazonebookpublishers.co/images/ghostwriting/ghostwriting-05.png]
[www.amazonebookpublishers.co/images/inner-tab-img.png]
[www.amazonebookpublishers.co/js/form-submit7ee0.js]
[www.amazonebookpublishers.co/professional-ghostwriting-services.html]
[www.amazonebookpublishers.co/images/e-bookwriting/1-min.png]
[www.amazonebookpublishers.co/images/e-bookwriting/22-min.png]
[www.amazonebookpublishers.co/images/e-bookwriting/e-bookwriting-01.png]
[www.amazonebookpublishers.co/images/e-bookwriting/e-bookwriting-02.png]
[www.amazonebookpublishers.co/images/e-bookwriting/e-bookwriting-03.png]
[www.amazonebookpublishers.co/images/e-bookwriting/e-bookwriting-04.png]
[www.amazonebookpublishers.co/images/e-bookwriting/3-min.png]
[www.amazonebookpublishers.co/js/form-submit6945.js]
[www.amazonebookpublishers.co/ebook-writing-services.html]
[www.amazonebookpublishers.co/images/bookediting/1-min.png]
[www.amazonebookpublishers.co/images/bookediting/bookediting-icon-01.png]
[www.amazonebookpublishers.co/images/bookediting/bookediting-icon-02.png]
[www.amazonebookpublishers.co/images/bookediting/bookediting-icon-03.png]
[www.amazonebookpublishers.co/images/tab-sec-book.png]
[www.amazonebookpublishers.co/images/bookediting/2-min.png]
[www.amazonebookpublishers.co/js/form-submit3c47.js]
[www.amazonebookpublishers.co/book-editing-services.html]
[www.amazonebookpublishers.co/images/bookcoverdesign/1-min.png]
[www.amazonebookpublishers.co/images/bookcoverdesign/bookcover-icon-01.png]
[www.amazonebookpublishers.co/images/bookcoverdesign/bookcover-icon-02.png]
[www.amazonebookpublishers.co/images/bookcoverdesign/bookcover-icon-03.png]
[www.amazonebookpublishers.co/images/bookcoverdesign/bookcover-icon-04.png]
[www.amazonebookpublishers.co/images/bookcoverdesign/bookcover-icon-05.png]
[www.amazonebookpublishers.co/js/form-submit90fc.js]
[www.amazonebookpublishers.co/book-cover-design-services.html]
[www.amazonebookpublishers.co/images/e-bookcoverdesign/1-min.png]
[www.amazonebookpublishers.co/images/e-bookcoverdesign/e-bookcover-01.png]
[www.amazonebookpublishers.co/images/e-bookcoverdesign/e-bookcover-02.png]
[www.amazonebookpublishers.co/images/e-bookcoverdesign/e-bookcover-03.png]
[www.amazonebookpublishers.co/images/e-bookcoverdesign/e-bookcover-04.png]
[www.amazonebookpublishers.co/js/form-submit901c.js]
[www.amazonebookpublishers.co/ebook-cover-design-services.html]
[www.amazonebookpublishers.co/images/bookpublishing/1-min.png]
[www.amazonebookpublishers.co/images/bookpublishing/bookpublishing-icon-01.png]
[www.amazonebookpublishers.co/images/bookpublishing/bookpublishing-icon-02.png]
[www.amazonebookpublishers.co/images/bookpublishing/bookpublishing-icon-03.png]
[www.amazonebookpublishers.co/js/form-submitdf1f.js]
[www.amazonebookpublishers.co/book-writing-services.html]
[www.amazonebookpublishers.co/images/bookmarketing/1-min.png]
[www.amazonebookpublishers.co/images/bookmarketing/bookmarketing-icon-01.png]
[www.amazonebookpublishers.co/images/bookmarketing/bookmarketing-icon-02.png]
[www.amazonebookpublishers.co/images/bookmarketing/bookmarketing-icon-03.png]
[www.amazonebookpublishers.co/images/bookmarketing/bookmarketing-icon-04.png]
[www.amazonebookpublishers.co/js/form-submit047c.js]
[www.amazonebookpublishers.co/book-marketing-services.html]
[www.amazonebookpublishers.co/images/biography/1-min.png]
[www.amazonebookpublishers.co/images/biography/2-min.png]
[www.amazonebookpublishers.co/images/biography/biography-icon-01.png]
[www.amazonebookpublishers.co/images/biography/biography-icon-02.png]
[www.amazonebookpublishers.co/images/biography/biography-icon-03.png]
[www.amazonebookpublishers.co/images/biography/biography-icon-04.png]
[www.amazonebookpublishers.co/images/biography/3-min.png]
[www.amazonebookpublishers.co/js/form-submit4073.js]
[www.amazonebookpublishers.co/biography-writing-services.html]
[www.amazonebookpublishers.co/images/memoirwriting/1-min.png]
[www.amazonebookpublishers.co/images/memoirwriting/2-min.png]
[www.amazonebookpublishers.co/images/memoirwriting/memoir-icon-01.png]
[www.amazonebookpublishers.co/images/memoirwriting/memoir-icon-02.png]
[www.amazonebookpublishers.co/images/memoirwriting/memoir-icon-03.png]
[www.amazonebookpublishers.co/images/memoirwriting/memoir-icon-04.png]
[www.amazonebookpublishers.co/images/memoirwriting/3-min.png]
[www.amazonebookpublishers.co/js/form-submitf9ca.js]
[www.amazonebookpublishers.co/memoir-writing-services.html]
[www.amazonebookpublishers.co/images/bookprinting/bookprinting-icon-01.png]
[www.amazonebookpublishers.co/images/bookprinting/bookprinting-icon-02.png]
[www.amazonebookpublishers.co/images/bookprinting/bookprinting-icon-03.png]
[www.amazonebookpublishers.co/images/bookprinting/bookprinting-icon-04.png]
[www.amazonebookpublishers.co/js/form-submitbae8.js]
[www.amazonebookpublishers.co/book-printing-services.html]
[www.amazonebookpublishers.co/images/booktrailer/1-min.png]
[www.amazonebookpublishers.co/images/booktrailer/2-min.png]
[www.amazonebookpublishers.co/images/booktrailer/3-min.png]
[www.amazonebookpublishers.co/js/form-submit5a31.js]
[www.amazonebookpublishers.co/book-trailer-services.html]
[www.amazonebookpublishers.co/images/audiobook/1-min.png]
[www.amazonebookpublishers.co/images/audiobook/2-min.png]
[www.amazonebookpublishers.co/images/audiobook/3-min.png]
[www.amazonebookpublishers.co/js/form-submit1b46.js]
[www.amazonebookpublishers.co/audiobook-publishing-services.html]
[www.amazonebookpublishers.co/images/authorwebsite/1-min.png]
[www.amazonebookpublishers.co/images/authorwebsite/2-min.png]
[www.amazonebookpublishers.co/js/form-submita0a4.js]
[www.amazonebookpublishers.co/author-website-design-services.html]
[www.amazonebookpublishers.co/images/bookiIllustration/1-min.png]
[www.amazonebookpublishers.co/images/bookiIllustration/2-min.png]
[www.amazonebookpublishers.co/images/bookiIllustration/3-min.png]
[www.amazonebookpublishers.co/images/bookiIllustration/4-min.png]
[www.amazonebookpublishers.co/js/form-submit017d.js]
[www.amazonebookpublishers.co/book-illustration-services.html]
[www.amazonebookpublishers.co/images/contact-phone.png]
[www.amazonebookpublishers.co/images/contact-email.png]
[www.amazonebookpublishers.co/images/contact-map.png]
[www.amazonebookpublishers.co/js/form-submitce30.js]
[www.amazonebookpublishers.co/contact-us.html]
[www.amazonebookpublishers.co/transparent.html]
[www.amazonebookpublishers.co/images/check-ico.svg]
[www.amazonebookpublishers.co/js/form-submit1cc2.js]
[www.amazonebookpublishers.co/terms-conditions.html]
[www.amazonebookpublishers.co/js/form-submite5f8.js]
[www.amazonebookpublishers.co/faqs.html]
[www.amazonebookpublishers.co/js/form-submit8ac9.js]
[www.amazonebookpublishers.co/privacy-policy.html]
[www.amazonebookpublishers.co/index-2.html]
[www.amazonebookpublishers.co/css/owl.video.play.html]
[www.amazonebookpublishers.co/css/ajax-loader.html]
[www.amazonebookpublishers.co/css/fonts/slick.html]
[www.amazonebookpublishers.co/css/fonts/slickd41dd41dd41dd41d.html]
[www.amazonebookpublishers.co/css/fonts/slick-2.html]
[www.amazonebookpublishers.co/css/fonts/slick-3.html]
[www.amazonebookpublishers.co/css/fonts/slick-4.html]
[www.amazonebookpublishers.co/images/what-kinds-of-book-bg-img.html]
[www.amazonebookpublishers.co/css/images/service-icon-bg-one.html]
[www.amazonebookpublishers.co/css/images/yellow-ring.html]
[www.amazonebookpublishers.co/images/slider-img-bg.html]
[www.amazonebookpublishers.co/images/banner-bg-img1.html]
[www.amazonebookpublishers.co/images/cr-grass2cfd2cfd2cfd.html]
